Failed password for root from 192.168.1.10
Failed password for admin from 192.168.1.10
Failed password for root from 10.0.0.5
Failed password for root from 192.168.1.10
Failed password for test from 10.0.0.5